asplap3188@Asplap3188:~$ sudo mysql -u root -p
sudo: /etc/sudo.conf is world writable
sudo: /etc/sudo.conf is world writable
sudo: /etc/sudoers.d is world writable
[sudo] password for asplap3188: 
mysql: [Warning] World-writable config file '/etc/mysql/my.cnf' is ignored.
Enter password: 
Welcome to the MySQL monitor.  Commands end with ; or \g.
Your MySQL connection id is 8
Server version: 8.0.30-0ubuntu0.22.04.1 (Ubuntu)

Copyright (c) 2000, 2022, Oracle and/or its affiliates.

Oracle is a registered trademark of Oracle Corporation and/or its
affiliates. Other names may be trademarks of their respective
owners.

Type 'help;' or '\h' for help. Type '\c' to clear the current input statement.

mysql> show databases;
+--------------------+
| Database           |
+--------------------+
| addressbook        |
| aspire             |
| india              |
| information_schema |
| mysql              |
| performance_schema |
| sys                |
| work               |
+--------------------+
8 rows in set (0.02 sec)

mysql> use work;
Reading table information for completion of table and column names
You can turn off this feature to get a quicker startup with -A

Database changed
mysql> show tables;
+----------------+
| Tables_in_work |
+----------------+
| user           |
| viewuser       |
+----------------+
2 rows in set (0.00 sec)

mysql> describe user;
+--------+--------------+------+-----+---------+-------+
| Field  | Type         | Null | Key | Default | Extra |
+--------+--------------+------+-----+---------+-------+
| id     | int          | NO   | PRI | NULL    |       |
| email  | varchar(255) | NO   | PRI | NULL    |       |
| mobile | varchar(15)  | YES  |     | NULL    |       |
+--------+--------------+------+-----+---------+-------+
3 rows in set (0.00 sec)

mysql> show user;
ERROR 1064 (42000): You have an error in your SQL syntax; check the manual that corresponds to your MySQL server version for the right syntax to use near 'user' at line 1
mysql> describe table;
ERROR 1064 (42000): You have an error in your SQL syntax; check the manual that corresponds to your MySQL server version for the right syntax to use near '' at line 1
mysql> show create table user;
+-------+------------------------------------------------------------------------------------------------------------------------------------------------------------------------------------------------------------------+
| Table | Create Table                                                                                                                                                                                                     |
+-------+------------------------------------------------------------------------------------------------------------------------------------------------------------------------------------------------------------------+
| user  | CREATE TABLE `user` (
  `id` int NOT NULL,
  `email` varchar(255) NOT NULL,
  `mobile` varchar(15) DEFAULT NULL,
  PRIMARY KEY (`id`,`email`)
) ENGINE=InnoDB DEFAULT CHARSET=utf8mb4 COLLATE=utf8mb4_0900_ai_ci |
+-------+------------------------------------------------------------------------------------------------------------------------------------------------------------------------------------------------------------------+
1 row in set (0.00 sec)

mysql> show create table viewuser;
+----------+----------------------------------------------------------------------------------------------------------------------------------------------------------------+----------------------+----------------------+
| View     | Create View                                                                                                                                                    | character_set_client | collation_connection |
+----------+----------------------------------------------------------------------------------------------------------------------------------------------------------------+----------------------+----------------------+
| viewuser | CREATE ALGORITHM=UNDEFINED DEFINER=`root`@`localhost` SQL SECURITY DEFINER VIEW `viewuser` AS select `user`.`id` AS `id`,`user`.`email` AS `email` from `user` | utf8mb4              | utf8mb4_0900_ai_ci   |
+----------+----------------------------------------------------------------------------------------------------------------------------------------------------------------+----------------------+----------------------+
1 row in set (0.01 sec)

mysql> CREATE TABLE Employee  
    -> (  
    ->   Id INT PRIMARY KEY,  
    ->   Name VARCHAR(45),  
    ->   Salary INT,  
    ->   Gender VARCHAR(12),  
    ->   DepartmentId INT  
    -> )  ;
Query OK, 0 rows affected (0.03 sec)

mysql> INSERT INTO Employee VALUES (1,'Steffan', 82000, 'Male', 3),  
    -> (2,'Amelie', 52000, 'Female', 2),  
    -> (3,'Antonio', 25000, 'male', 1),  
    -> (4,'Marco', 47000, 'Male', 2),  
    -> (5,'Eliana', 46000, 'Female', 3)  ;
Query OK, 5 rows affected (0.01 sec)
Records: 5  Duplicates: 0  Warnings: 0

mysql> show Employee;
ERROR 1064 (42000): You have an error in your SQL syntax; check the manual that corresponds to your MySQL server version for the right syntax to use near 'Employee' at line 1
mysql> select *from Employee;
+----+---------+--------+--------+--------------+
| Id | Name    | Salary | Gender | DepartmentId |
+----+---------+--------+--------+--------------+
|  1 | Steffan |  82000 | Male   |            3 |
|  2 | Amelie  |  52000 | Female |            2 |
|  3 | Antonio |  25000 | male   |            1 |
|  4 | Marco   |  47000 | Male   |            2 |
|  5 | Eliana  |  46000 | Female |            3 |
+----+---------+--------+--------+--------------+
5 rows in set (0.00 sec)

mysql>  CREATE TABLE t_index(  
    ->    col1 INT PRIMARY KEY,  
    ->    col2 INT NOT NULL,  
    ->    col3 INT NOT NULL,  
    ->    col4 VARCHAR(20),  
    ->    INDEX (col2,col3)   
    -> );  
Query OK, 0 rows affected (0.03 sec)

mysql> 


